<html>
<body>
<pre>
<h1>猩ision Build Log</h1>
<h2>Project:</h2>
C:\Projects\LogiTech\LGT_8423_PCCAM_MDK_20101214_V06\Firmware\project\pCAM_FW\pCam.uvproj
Project File Date:  12/15/2010

<h2>Output:</h2>
Build target 'pCam_FW'
compiling pCam_usb.c...
compiling pCam_api.c...
compiling pCam_dfu.c...
compiling pCam_handler.c...
compiling pCam_msg.c...
compiling pCam_task32.c...
compiling mmpd_sensor.c...
compiling mmpd_ibc.c...
compiling mmpd_scaler.c...
compiling mmpd_system.c...
compiling mmpd_mp4venc.c...
compiling mmpd_fctl.c...
compiling mmpd_graphics.c...
compiling mmpd_rawproc.c...
compiling mmpd_icon.c...
compiling mmph_hif.c...
compiling mmps_3gprecd.c...
compiling mmps_sensor.c...
compiling mmpf_i2s_ctl.c...
compiling mmpf_audio_ctl.c...
assembling mmpf_i2s_irq.s...
..\..\driver\audio\mmpf_i2s_irq.s(21): warning: A1876W: Use of '|' as a synonym for the :OR: operator is deprecated.
..\..\driver\audio\mmpf_i2s_irq.s:     at line 97 in macro OS_IRQ_ENTRY in '..\..\driver\audio\..\irq.mac'
..\..\driver\audio\mmpf_i2s_irq.s: 
..\..\driver\audio\mmpf_i2s_irq.s:    97 00000014             MSR     CPSR_c, #(NO_INT | SVC32_MODE)  ; Change to SVC mode
..\..\driver\audio\mmpf_i2s_irq.s: 0 Errors, 1 Warning
assembling mmpf_afe_irq.s...
..\..\driver\audio\mmpf_afe_irq.s(21): warning: A1876W: Use of '|' as a synonym for the :OR: operator is deprecated.
..\..\driver\audio\mmpf_afe_irq.s:     at line 97 in macro OS_IRQ_ENTRY in '..\..\driver\audio\..\irq.mac'
..\..\driver\audio\mmpf_afe_irq.s: 
..\..\driver\audio\mmpf_afe_irq.s:    97 00000014             MSR     CPSR_c, #(NO_INT | SVC32_MODE)  ; Change to SVC mode
..\..\driver\audio\mmpf_afe_irq.s: 0 Errors, 1 Warning
compiling mmpf_audio.c...
compiling mmpf_audio_task32.c...
compiling mmpf_wavdecapi.c...
compiling mmpf_encapi.c...
assembling bsp_a.s...
..\..\BSP\bsp_a.s(96): warning: A1876W: Use of '|' as a synonym for the :OR: operator is deprecated.
..\..\BSP\bsp_a.s:    96 00000068         MSR     CPSR_c, #(NO_INT | FIQ32_MODE)  ; Set FIQ stack
..\..\BSP\bsp_a.s: 0 Errors, 1 Warning
compiling bsp.c...
compiling mmu32.c...
compiling mmpf_vif.c...
compiling mmpf_display.c...
compiling mmpf_dma.c...
compiling mmpf_graphics.c...
compiling mmpf_hif.c...
compiling mmpf_i2cm.c...
compiling mmpf_pll.c...
compiling mmpf_rawproc.c...
compiling mmpf_scaler.c...
compiling mmpf_sif.c...
compiling mmpf_spi.c...
compiling mmpf_system.c...
compiling mmpf_timer.c...
compiling mmpf_uart.c...
assembling mmpf_dma_irq.s...
..\..\driver\mmpf_dma_irq.s(21): warning: A1876W: Use of '|' as a synonym for the :OR: operator is deprecated.
..\..\driver\mmpf_dma_irq.s:     at line 97 in macro OS_IRQ_ENTRY in '..\..\driver\irq.mac'
..\..\driver\mmpf_dma_irq.s: 
..\..\driver\mmpf_dma_irq.s:    97 00000014             MSR     CPSR_c, #(NO_INT | SVC32_MODE)  ; Change to SVC mode
..\..\driver\mmpf_dma_irq.s: 0 Errors, 1 Warning
assembling mmpf_graphics_irq.s...
..\..\driver\mmpf_graphics_irq.s(21): warning: A1876W: Use of '|' as a synonym for the :OR: operator is deprecated.
..\..\driver\mmpf_graphics_irq.s:     at line 97 in macro OS_IRQ_ENTRY in '..\..\driver\irq.mac'
..\..\driver\mmpf_graphics_irq.s: 
..\..\driver\mmpf_graphics_irq.s:    97 00000014             MSR     CPSR_c, #(NO_INT | SVC32_MODE)  ; Change to SVC mode
..\..\driver\mmpf_graphics_irq.s: 0 Errors, 1 Warning
assembling mmpf_timer_irq.s...
..\..\driver\mmpf_timer_irq.s(23): warning: A1876W: Use of '|' as a synonym for the :OR: operator is deprecated.
..\..\driver\mmpf_timer_irq.s:     at line 97 in macro OS_IRQ_ENTRY in '..\..\driver\irq.mac'
..\..\driver\mmpf_timer_irq.s: 
..\..\driver\mmpf_timer_irq.s:    97 00000014             MSR     CPSR_c, #(NO_INT | SVC32_MODE)  ; Change to SVC mode
..\..\driver\mmpf_timer_irq.s: 0 Errors, 1 Warning
compiling mmpf_pio.c...
assembling mmpf_jpeg_irq.s...
..\..\driver\dsc\mmpf_jpeg_irq.s(21): warning: A1876W: Use of '|' as a synonym for the :OR: operator is deprecated.
..\..\driver\dsc\mmpf_jpeg_irq.s:     at line 97 in macro OS_IRQ_ENTRY in '..\..\driver\dsc\..\irq.mac'
..\..\driver\dsc\mmpf_jpeg_irq.s: 
..\..\driver\dsc\mmpf_jpeg_irq.s:    97 00000014             MSR     CPSR_c, #(NO_INT | SVC32_MODE)  ; Change to SVC mode
..\..\driver\dsc\mmpf_jpeg_irq.s: 0 Errors, 1 Warning
compiling os_wrap.c...
assembling cstartup_ram.s...
..\..\BSP\cstartup_ram.s(449): warning: A1608W: MOV pc,<rn> instruction used, but BX <rn> is preferred
..\..\BSP\cstartup_ram.s:   449 000000d8     mov     pc, r0
..\..\BSP\cstartup_ram.s: 0 Errors, 1 Warning
assembling irq.s...
..\..\driver\irq.s(38): warning: A1876W: Use of '|' as a synonym for the :OR: operator is deprecated.
..\..\driver\irq.s:     at line 141 in macro OS_IRQ_EXIT in '..\..\driver\irq.mac'
..\..\driver\irq.s: 
..\..\driver\irq.s:   141 0000000c             MSR     CPSR_c, #(NO_INT | SVC32_MODE)  ; Change to SVC mode
..\..\driver\irq.s: 0 Errors, 1 Warning
compiling lib_retina.c...
compiling all_fw32.c...
compiling sys_task32.c...
compiling mmpf_sensor.c...
assembling mmpf_sensor_irq.s...
..\..\driver\sensor\mmpf_sensor_irq.s(23): warning: A1876W: Use of '|' as a synonym for the :OR: operator is deprecated.
..\..\driver\sensor\mmpf_sensor_irq.s:     at line 97 in macro OS_IRQ_ENTRY in '..\..\driver\sensor\..\irq.mac'
..\..\driver\sensor\mmpf_sensor_irq.s: 
..\..\driver\sensor\mmpf_sensor_irq.s:    97 00000014             MSR     CPSR_c, #(NO_INT | SVC32_MODE)  ; Change to SVC mode
..\..\driver\sensor\mmpf_sensor_irq.s: 0 Errors, 1 Warning
compiling mmpf_sensor_task32.c...
compiling mmpf_usb_ctl.c...
compiling mmpf_usbdescr.c...
compiling mmpf_usbint.c...
compiling mmpf_usbpccam.c...
compiling mmpf_usbpub.c...
compiling mmpf_usbstd.c...
compiling mmpf_usbuac.c...
compiling mmpf_usbuvc.c...
compiling mmpf_usbvend.c...
assembling mmpf_usb_irq.s...
..\..\driver\usb\mmpf_usb_irq.s(21): warning: A1876W: Use of '|' as a synonym for the :OR: operator is deprecated.
..\..\driver\usb\mmpf_usb_irq.s:     at line 97 in macro OS_IRQ_ENTRY in '..\..\driver\usb\..\irq.mac'
..\..\driver\usb\mmpf_usb_irq.s: 
..\..\driver\usb\mmpf_usb_irq.s:    97 00000014             MSR     CPSR_c, #(NO_INT | SVC32_MODE)  ; Change to SVC mode
..\..\driver\usb\mmpf_usb_irq.s: 0 Errors, 1 Warning
compiling mmpf_usb_task32.c...
compiling Suspend_Loop.c...
compiling mmpf_msg.c...
compiling Suspend_Wakeup32.c...
assembling mmpf_video_irq.s...
..\..\driver\video\mmpf_video_irq.s(34): warning: A1876W: Use of '|' as a synonym for the :OR: operator is deprecated.
..\..\driver\video\mmpf_video_irq.s:     at line 97 in macro OS_IRQ_ENTRY in '..\..\driver\video\..\irq.mac'
..\..\driver\video\mmpf_video_irq.s: 
..\..\driver\video\mmpf_video_irq.s:    97 00000014             MSR     CPSR_c, #(NO_INT | SVC32_MODE)  ; Change to SVC mode
..\..\driver\video\mmpf_video_irq.s: 0 Errors, 1 Warning
compiling mmpf_mp4venc_task32.c...
compiling mmpf_3gpmgr_task32.c...
compiling mmpf_3gpmgr.c...
compiling mmpf_mp4venc_rc.c...
compiling mmpf_mp4venc.c...
compiling ait_bsp.c...
compiling ait_config.c...
compiling config_fw.c...
compiling sensor_ov2710.c...
compiling sensor_imx045es.c...
compiling sensor_mt9t002.c...
compiling text_ctl32.c...
compiling hdm_ctl.c...
linking...
.\ldsfile_python_flash.txt(24): warning: L6314W: No section matches pattern BMFNS128_tables_stereo.o(RO-DATA).
.\ldsfile_python_flash.txt(51): warning: L6314W: No section matches pattern *libBF-arm9e.lib(RO).
.\ldsfile_python_flash.txt(51): warning: L6314W: No section matches pattern *libBF-arm9e.lib(RW).
.\ldsfile_python_flash.txt(51): warning: L6314W: No section matches pattern *libBF-arm9e.lib(ZI).
.\ldsfile_python_flash.txt(51): warning: L6314W: No section matches pattern //(RO).
.\ldsfile_python_flash.txt(51): warning: L6314W: No section matches pattern increase(RO).
.\ldsfile_python_flash.txt(52): warning: L6314W: No section matches pattern 20KB(RO).
Program Size: Code=149664 RO-data=15248 RW-data=9940 ZI-data=149608  
.\ldsfile_python_flash.txt: Finished: 0 information, 7 warning and 0 error messages.
User command #1: PostLink_python_flash.bat
C:\Projects\LogiTech\LGT_8423_PCCAM_MDK_20101214_V06\Firmware\project\pCAM_FW>set PRJ_NAME=pCAM 
C:\Projects\LogiTech\LGT_8423_PCCAM_MDK_20101214_V06\Firmware\project\pCAM_FW>set AXF_DIR=..\pCAM_FW 
C:\Projects\LogiTech\LGT_8423_PCCAM_MDK_20101214_V06\Firmware\project\pCAM_FW>set AXF_NAME=pCAM.axf 
C:\Projects\LogiTech\LGT_8423_PCCAM_MDK_20101214_V06\Firmware\project\pCAM_FW>set RAM_DIR=..\pCAM_FW 
C:\Projects\LogiTech\LGT_8423_PCCAM_MDK_20101214_V06\Firmware\project\pCAM_FW>set PKG_DIR=..\pCAM_FW 
C:\Projects\LogiTech\LGT_8423_PCCAM_MDK_20101214_V06\Firmware\project\pCAM_FW>set PKG_NAME=PCCAM 
C:\Projects\LogiTech\LGT_8423_PCCAM_MDK_20101214_V06\Firmware\project\pCAM_FW>set H_DIR=..\pCAM_FW 
C:\Projects\LogiTech\LGT_8423_PCCAM_MDK_20101214_V06\Firmware\project\pCAM_FW>copy ..\pCAM_FW\OBJ\pCAM.axf . 
系統找不到指定的路徑。
C:\Projects\LogiTech\LGT_8423_PCCAM_MDK_20101214_V06\Firmware\project\pCAM_FW>fromELF.exe -c -bin ..\pCAM_FW\pCAM.axf -output ..\pCAM_FW 
C:\Projects\LogiTech\LGT_8423_PCCAM_MDK_20101214_V06\Firmware\project\pCAM_FW>..\FirmwarePackager .\ldsfile_python_flash.txt ..\pCAM_FW\ ..\pCAM_FW\PCCAM /q /h ..\pCAM_FW\PCCAM.h 
     OK
C:\Projects\LogiTech\LGT_8423_PCCAM_MDK_20101214_V06\Firmware\project\pCAM_FW>..\MergeFirmwarePackage 2 ..\pCAM_FW\842PccamFlashImage_MDK.bin ..\pCAM_FW\A842_BC2 ..\pCAM_FW\PCCAM 
Total file number = 0x2
Open file ..\pCAM_FW\A842_BC2 , file index is 0 ....
  == file size = 23698 
Open file ..\pCAM_FW\PCCAM , file index is 1 ....
  == file size = 169194 
Merge AIT820 Serial Flash Firmware Package completely!!
C:\Projects\LogiTech\LGT_8423_PCCAM_MDK_20101214_V06\Firmware\project\pCAM_FW>copy ..\pCAM_FW\842PccamFlashImage_MDK.bin c:\aitfw\82x\842PccamFlashImage.bin 
複製了         1 個檔案。
"pCam.axf" - 0 Error(s), 19 Warning(s).
Build target 'pCam_FW'
compiling pCam_usb.c...
compiling pCam_api.c...
compiling pCam_dfu.c...
compiling pCam_handler.c...
compiling pCam_msg.c...
compiling pCam_task32.c...
compiling mmpd_sensor.c...
compiling mmpd_ibc.c...
compiling mmpd_scaler.c...
compiling mmpd_system.c...
compiling mmpd_mp4venc.c...
compiling mmpd_fctl.c...
compiling mmpd_graphics.c...
compiling mmpd_rawproc.c...
compiling mmpd_icon.c...
compiling mmph_hif.c...
compiling mmps_3gprecd.c...
compiling mmps_sensor.c...
compiling mmpf_i2s_ctl.c...
compiling mmpf_audio_ctl.c...
compiling mmpf_audio.c...
compiling mmpf_audio_task32.c...
compiling mmpf_wavdecapi.c...
compiling mmpf_encapi.c...
compiling bsp.c...
compiling mmu32.c...
compiling mmpf_vif.c...
compiling mmpf_display.c...
compiling mmpf_dma.c...
compiling mmpf_graphics.c...
compiling mmpf_hif.c...
compiling mmpf_i2cm.c...
compiling mmpf_pll.c...
compiling mmpf_rawproc.c...
compiling mmpf_scaler.c...
compiling mmpf_sif.c...
compiling mmpf_spi.c...
compiling mmpf_system.c...
compiling mmpf_timer.c...
compiling mmpf_uart.c...
compiling mmpf_pio.c...
compiling os_wrap.c...
compiling lib_retina.c...
compiling all_fw32.c...
compiling sys_task32.c...
compiling mmpf_sensor.c...
compiling mmpf_sensor_task32.c...
compiling mmpf_usb_ctl.c...
compiling mmpf_usbdescr.c...
compiling mmpf_usbint.c...
compiling mmpf_usbpccam.c...
compiling mmpf_usbpub.c...
compiling mmpf_usbstd.c...
compiling mmpf_usbuac.c...
compiling mmpf_usbuvc.c...
compiling mmpf_usbvend.c...
compiling mmpf_usb_task32.c...
compiling Suspend_Loop.c...
compiling mmpf_msg.c...
compiling Suspend_Wakeup32.c...
compiling mmpf_mp4venc_task32.c...
compiling mmpf_3gpmgr_task32.c...
compiling mmpf_3gpmgr.c...
compiling mmpf_mp4venc_rc.c...
compiling mmpf_mp4venc.c...
compiling ait_bsp.c...
compiling ait_config.c...
compiling config_fw.c...
compiling sensor_ov2710.c...
compiling sensor_imx045es.c...
compiling sensor_mt9t002.c...
compiling text_ctl32.c...
compiling hdm_ctl.c...
linking...
.\ldsfile_python_flash.txt(24): warning: L6314W: No section matches pattern BMFNS128_tables_stereo.o(RO-DATA).
.\ldsfile_python_flash.txt(51): warning: L6314W: No section matches pattern *libBF-arm9e.lib(RO).
.\ldsfile_python_flash.txt(51): warning: L6314W: No section matches pattern *libBF-arm9e.lib(RW).
.\ldsfile_python_flash.txt(51): warning: L6314W: No section matches pattern *libBF-arm9e.lib(ZI).
.\ldsfile_python_flash.txt(51): warning: L6314W: No section matches pattern //(RO).
.\ldsfile_python_flash.txt(51): warning: L6314W: No section matches pattern increase(RO).
.\ldsfile_python_flash.txt(52): warning: L6314W: No section matches pattern 20KB(RO).
Program Size: Code=140920 RO-data=15248 RW-data=9932 ZI-data=147540  
.\ldsfile_python_flash.txt: Finished: 0 information, 7 warning and 0 error messages.
User command #1: PostLink_python_flash.bat
C:\Projects\LogiTech\LGT_8423_PCCAM_MDK_20101214_V06\Firmware\project\pCAM_FW>set PRJ_NAME=pCAM 
C:\Projects\LogiTech\LGT_8423_PCCAM_MDK_20101214_V06\Firmware\project\pCAM_FW>set AXF_DIR=..\pCAM_FW 
C:\Projects\LogiTech\LGT_8423_PCCAM_MDK_20101214_V06\Firmware\project\pCAM_FW>set AXF_NAME=pCAM.axf 
C:\Projects\LogiTech\LGT_8423_PCCAM_MDK_20101214_V06\Firmware\project\pCAM_FW>set RAM_DIR=..\pCAM_FW 
C:\Projects\LogiTech\LGT_8423_PCCAM_MDK_20101214_V06\Firmware\project\pCAM_FW>set PKG_DIR=..\pCAM_FW 
C:\Projects\LogiTech\LGT_8423_PCCAM_MDK_20101214_V06\Firmware\project\pCAM_FW>set PKG_NAME=PCCAM 
C:\Projects\LogiTech\LGT_8423_PCCAM_MDK_20101214_V06\Firmware\project\pCAM_FW>set H_DIR=..\pCAM_FW 
C:\Projects\LogiTech\LGT_8423_PCCAM_MDK_20101214_V06\Firmware\project\pCAM_FW>copy ..\pCAM_FW\OBJ\pCAM.axf . 
系統找不到指定的路徑。
C:\Projects\LogiTech\LGT_8423_PCCAM_MDK_20101214_V06\Firmware\project\pCAM_FW>fromELF.exe -c -bin ..\pCAM_FW\pCAM.axf -output ..\pCAM_FW 
C:\Projects\LogiTech\LGT_8423_PCCAM_MDK_20101214_V06\Firmware\project\pCAM_FW>..\FirmwarePackager .\ldsfile_python_flash.txt ..\pCAM_FW\ ..\pCAM_FW\PCCAM /q /h ..\pCAM_FW\PCCAM.h 
     OK
C:\Projects\LogiTech\LGT_8423_PCCAM_MDK_20101214_V06\Firmware\project\pCAM_FW>..\MergeFirmwarePackage 2 ..\pCAM_FW\842PccamFlashImage_MDK.bin ..\pCAM_FW\A842_BC2 ..\pCAM_FW\PCCAM 
Total file number = 0x2
Open file ..\pCAM_FW\A842_BC2 , file index is 0 ....
  == file size = 23698 
Open file ..\pCAM_FW\PCCAM , file index is 1 ....
  == file size = 160446 
Merge AIT820 Serial Flash Firmware Package completely!!
C:\Projects\LogiTech\LGT_8423_PCCAM_MDK_20101214_V06\Firmware\project\pCAM_FW>copy ..\pCAM_FW\842PccamFlashImage_MDK.bin c:\aitfw\82x\842PccamFlashImage.bin 
複製了         1 個檔案。
"pCam.axf" - 0 Error(s), 7 Warning(s).
